#### **13.1.1 原子数据定义语句支持**

MySQL 8.0 支持原子数据定义语言（DDL）语句。这个功能被称为原子DDL。一个原子DDL语句将与DDL操作相关的数据字典更新、存储引擎操作和二进制日志写入合并为一个单一的原子操作。该操作要么提交，应用更改持久化到数据字典、存储引擎和二进制日志中，要么即使在操作过程中服务器停止，也会被回滚。

> **注意**
>
> 原子DDL不是事务性DDL。DDL语句，无论是原子性的还是其他类型的，都会隐式结束当前会话中的任何活动事务，就像在执行语句之前进行了一次提交一样。这意味着DDL语句不能在另一个事务内执行，不能在像`START TRANSACTION ... COMMIT`这样的事务控制语句内执行，也不能与同一事务内的其他语句组合执行。

原子DDL的实现，得益于MySQL 8.0中MySQL数据字典的引入。在早期的MySQL版本中，元数据存储在元数据文件、非事务性表和存储引擎特定的字典中，这需要中间提交。MySQL数据字典提供的集中式、事务性元数据存储去除了这一障碍，使得能够重构DDL语句操作，使其成为原子性的。

此节下的原子DDL功能描述包括以下主题：

- [支持的DDL语句](#支持的DDL语句)

- [原子DDL特性](#原子DDL特性)

- [DDL语句行为的变化](#DDL语句行为的变化)

- [存储引擎支持](#存储引擎支持)

- [查看DDL日志](#查看DDL日志)

##### 支持的DDL语句


原子DDL功能支持表相关和非表相关的DDL语句。表相关的DDL操作需要存储引擎支持，而非表相关的DDL操作则不需要。目前，只有InnoDB存储引擎支持原子DDL。

-  支持的表相关DDL语句包括数据库、表空间、表和索引的CREATE、ALTER和DROP语句，以及TRUNCATE TABLE语句。
- 支持的非表相关DDL语句包括：
  - 存储程序、触发器、视图和可加载函数的CREATE和DROP语句，以及适用时的ALTER语句。
  - 账户管理语句：用户和角色的CREATE、ALTER、DROP和适用时的RENAME语句，以及GRANT和REVOKE语句。
- 以下语句不受原子DDL功能支持：
  - 涉及非InnoDB存储引擎的表相关DDL语句。
  - `INSTALL PLUGIN`和`UNINSTALL PLUGIN`语句。
  - `INSTALL COMPONENT`和`UNINSTALL COMPONENT`语句。
  - `CREATE SERVER`、`ALTER SERVER`和`DROP SERVER`语句。

##### 原子DDL特性

原子DDL语句的特性包括以下内容：

- 元数据更新、二进制日志写入和适用时的存储引擎操作被组合成一个单一的原子操作。


- 在DDL操作期间，SQL层没有中间提交。


- 适用时：

  - 数据字典、例程、事件和可加载函数缓存的状态与DDL操作的状态一致，这意味着缓存会更新以反映DDL操作是否成功完成或被回滚。


  - 存储引擎在DDL操作中涉及的方法不执行中间提交，存储引擎将自己注册为DDL操作的一部分。
  - 存储引擎支持DDL操作的重做和回滚，这在DDL操作的Post-DDL阶段执行。

- DDL操作的可见行为是原子的，这改变了一些DDL语句的行为。见DDL语句行为的变化。


##### DDL语句行为的变化

此节描述了由于引入原子DDL支持而导致的DDL语句行为的变化。

如果所有命名表都使用支持原子DDL的存储引擎，则DROP TABLE操作完全是原子的。该语句要么成功删除所有表，要么被回滚。

如果命名表不存在，则DROP TABLE会报错，并且不会做任何更改，无论存储引擎如何。以下示例演示了这种行为变化，其中DROP TABLE语句失败，因为一个命名表不存在：

```mysql
mysql> CREATE TABLE t1 (c1 INT);
mysql> DROP TABLE t1, t2;
ERROR 1051 (42S02): Unknown table 'test.t2'
mysql> SHOW TABLES;
+----------------+
| Tables_in_test |
+----------------+
| t1             |
+----------------+
```

在引入原子DDL之前，DROP TABLE会报告不存在的命名表的错误，但对于确实存在的命名表则执行成功：

```mysql
mysql> CREATE TABLE t1 (c1 INT);
mysql> DROP TABLE t1, t2;
ERROR 1051 (42S02): Unknown table 'test.t2'
mysql> SHOW TABLES;
Empty set (0.00 sec)
```

> **注意**
>
> 由于这种行为的变化，MySQL 5.7复制源服务器上部分完成的DROP TABLE语句在MySQL 8.0复制副本上复制时会失败。为避免这种故障场景，在DROP TABLE语句中使用IF EXISTS语法，以防止不存在的表导致的错误。

如果所有表都使用支持原子DDL的存储引擎，则DROP DATABASE是原子的。该语句要么成功删除所有对象，要么被回滚。然而，从文件系统中移除数据库目录是最后进行的，不是原子操作的一部分。如果由于文件系统错误或服务器停止，移除数据库目录失败，则不会回滚DROP DATABASE事务。

对于不使用支持原子DDL的存储引擎的表，表的删除发生在原子DROP TABLE或DROP DATABASE事务之外。这样的表删除会单独写入二进制日志，这限制了存储引擎、数据字典和二进制日志之间的差异最多只有一个表，以防中断的DROP TABLE或DROP DATABASE操作。对于删除多个表的操作，不使用支持原子DDL的存储引擎的表会在使用的表之前被删除。

对于使用支持原子DDL的存储引擎的表的`CREATE TABLE`、`ALTER TABLE`、`RENAME TABLE`、`TRUNCATE TABLE`、`CREATE TABLESPACE`和`DROP TABLESPACE`操作，如果服务器在操作期间停止，则要么完全提交，要么回滚。在早期的MySQL版本中，这些操作的中断可能会导致存储引擎、数据字典和二进制日志之间的不一致，或留下孤立的文件。`RENAME TABLE`操作只有在所有命名表都使用支持原子DDL的存储引擎时才是原子的。

截至MySQL 8.0.21，在支持原子DDL的存储引擎上，当使用基于行的复制时，`CREATE TABLE ... SELECT`语句在二进制日志中作为一个事务记录。以前，它被记录为两个事务，一个用于创建表，另一个用于插入数据。在两个事务之间或插入数据时服务器故障可能导致复制出一个空表。随着原子DDL支持的引入，CREATE TABLE ... SELECT语句现在对基于行的复制来说是安全的，并且允许用于基于GTID的复制。

在支持原子DDL和外键约束的存储引擎上，当使用基于行的复制时，不允许在`CREATE TABLE ... SELECT`语句中创建外键。外键约束可以稍后使用ALTER TABLE添加。

当将“`CREATE TABLE ... SELECT`”作为原子操作应用时，系统会在插入数据时对表进行元数据锁定，这防止了操作期间对表的并发访问。

如果命名的视图不存在，“DROP VIEW”将失败，且不会进行任何更改。这种行为变化在下面的例子中得到展示，其中“`DROP VIEW`”语句失败，因为一个命名的视图不存在：

```mysql
mysql> CREATE VIEW test.viewA AS SELECT * FROM t;
mysql> DROP VIEW test.viewA, test.viewB;
ERROR 1051 (42S02): 未知表 'test.viewB'
mysql> SHOW FULL TABLES IN test WHERE TABLE_TYPE LIKE 'VIEW';
+----------------+------------+
| Tables_in_test | Table_type |
+----------------+------------+
| viewA          | VIEW       |
+----------------+------------+
```

在引入原子DDL之前，“DROP VIEW”对不存在的命名视图返回错误，但对存在的命名视图执行成功：

```
mysql> CREATE VIEW test.viewA AS SELECT * FROM t;
mysql> DROP VIEW test.viewA, test.viewB;
ERROR 1051 (42S02): 未知表 'test.viewB'
mysql> SHOW FULL TABLES IN test WHERE TABLE_TYPE LIKE 'VIEW';
Empty set (0.00 sec)
```

> **注意**
> 
>由于这种行为的改变，MySQL 5.7复制源服务器上部分完成的“DROP VIEW”操作在MySQL 8.0副本上复制时会失败。为了避免这种失败情况，在“DROP VIEW”语句中使用“IF EXISTS”语法，以防止不存在的视图引发错误。

不再允许帐户管理语句的部分执行。帐户管理语句要么对所有命名用户成功，要么在出现错误时回滚且没有任何效果。在早期的MySQL版本中，命名多个用户的帐户管理语句可能对一些用户成功而对其他用户失败。

这种行为变化在下面的例子中得到展示，其中第二个“CREATE USER”语句返回错误，但失败了，因为它不能对所有命名用户成功。

```mysql
mysql> CREATE USER userA;
mysql> CREATE USER userA, userB;
ERROR 1396 (HY000): 操作 CREATE USER 对 'userA'@'%' 失败
mysql> SELECT User FROM mysql.user WHERE User LIKE 'user%';
+-------+
| User  |
+-------+
| userA |
+-------+
```

在引入原子DDL之前，第二个“CREATE USER”语句对不存在的命名用户返回错误，但对存在的命名用户执行成功：

```mysql
mysql> CREATE USER userA;
mysql> CREATE USER userA, userB;
ERROR 1396 (HY000): 操作 CREATE USER 对 'userA'@'%' 失败
mysql> SELECT User FROM mysql.user WHERE User LIKE 'user%';
+-------+
| User  |
+-------+
| userA |
| userB |
+-------+
```

> **注意**
>
> 由于这种行为的改变，MySQL 5.7复制源服务器上部分完成的帐户管理语句在MySQL 8.0副本上复制时会失败。为了避免这种失败情况，使用“IF EXISTS”或“IF NOT EXISTS”语法（视情况而定）在帐户管理语句中，以防止与命名用户相关的错误。

##### 存储引擎支持

目前，只有InnoDB存储引擎支持原子DDL。不支持原子DDL的存储引擎被豁免于DDL的原子性。涉及豁免存储引擎的DDL操作仍然有可能在操作被中断或只部分完成时引入不一致。

为了支持DDL操作的重做和回滚，InnoDB将DDL日志写入mysql.innodb_ddl_log表，这是一个隐藏的数据字典表，位于mysql.ibd数据字典表空间中。

要查看在DDL操作期间写入mysql.innodb_ddl_log表的DDL日志，请启用innodb_print_ddl_logs配置选项。有关更多信息，请参阅查看DDL日志。

> **注意**
>
> 对mysql.innodb_ddl_log表的更改的重做日志无论innodb_flush_log_at_trx_commit设置如何，都会立即刷新到磁盘。立即刷新重做日志可以避免DDL操作修改数据文件，但由于这些操作产生的对mysql.innodb_ddl_log表的更改的重做日志未持久化到磁盘的情况。这种情况可能在回滚或恢复期间引起错误。

InnoDB存储引擎分阶段执行DDL操作。如ALTER TABLE等DDL操作可能在提交阶段之前多次执行准备和执行阶段。

1. 准备：创建所需对象并将DDL日志写入mysql.innodb_ddl_log表。DDL日志定义如何向前和向后滚动DDL操作。
2. 执行：执行DDL操作。例如，为CREATE TABLE操作执行创建例程。
3. 提交：更新数据字典并提交数据字典事务。
4. Post-DDL：在mysql.innodb_ddl_log表中重放并删除DDL日志。为了确保可以安全地进行回滚而不引入不一致性，文件操作，如重命名或删除数据文件，在这最后阶段执行。这个阶段还从mysql.innodb_dynamic_metadata数据字典表中删除DROP TABLE、TRUNCATE TABLE和其他重建表的DDL操作的动态元数据。

无论DDL操作是提交还是回滚，DDL日志都会在Post-DDL阶段从mysql.innodb_ddl_log表中重放和删除。如果服务器在DDL操作期间停止，DDL日志应该只留在mysql.innodb_ddl_log表中。在这种情况下，恢复后会重放并删除DDL日志。

在恢复情况下，当服务器重新启动时，DDL操作可能被提交或回滚。如果在DDL操作的提交阶段执行的数据字典事务存在于重做日志和二进制日志中，则该操作被视为成功并向前滚动。否则，当InnoDB重放数据字典重做日志时，不完整的数据字典事务将被回滚，并且回滚DDL操作。

##### 查看DDL日志

要查看在涉及InnoDB存储引擎的原子DDL操作期间写入mysql.innodb_ddl_log数据字典表的DDL日志，请启用innodb_print_ddl_logs，让MySQL将DDL日志写入stderr。根据主机操作系统和MySQL配置，stderr可能是错误日志、终端或控制台窗口。请参阅第5.4.2.2节，“默认错误日志目标配置”。

InnoDB将DDL日志写入mysql.innodb_ddl_log表以支持DDL操作的重做和回滚。mysql.innodb_ddl_log表是一个隐藏的数据字典表，位于mysql.ibd数据字典表空间中。与其他隐藏的数据字典表一样，mysql.innodb_ddl_log表在非调试版本的MySQL中不能直接访问。（参见第14.1节，“数据字典模式”。）mysql.innodb_ddl_log表的结构对应于此定义：

```mysql
CREATE TABLE mysql.innodb_ddl_log (
  id BIGINT UNSIGNED NOT NULL AUTO_INCREMENT PRIMARY KEY,
  thread_id BIGINT UNSIGNED NOT NULL,
  type INT UNSIGNED NOT NULL,
  space_id INT UNSIGNED,
  page_no INT UNSIGNED,
  index_id BIGINT UNSIGNED,
  table_id BIGINT UNSIGNED,
  old_file_path VARCHAR(512) COLLATE utf8mb4_bin,
  new_file_path VARCHAR(512) COLLATE utf8mb4_bin,
  KEY(thread_id)
);
```

- id：DDL日志记录的唯一标识符。
- thread_id：每个DDL日志记录都被分配一个thread_id，用于重放和删除属于特定DDL操作的DDL日志。涉及多个数据文件操作的DDL操作会生成多个DDL日志记录。
- type：DDL操作类型。类型包括FREE（删除索引树）、DELETE（删除文件）、RENAME（重命名文件）或DROP（从mysql.innodb_dynamic_metadata数据字典表中删除元数据）。
- space_id：表空间ID。
- page_no：包含分配信息的页面；例如，一个索引树根页面。
- index_id：索引ID。
- table_id：表ID。
- old_file_path：旧的表空间文件路径。用于创建或删除表空间文件的DDL操作；也用于重命名表空间的DDL操作。
- new_file_path：新的表空间文件路径。用于重命名表空间文件的DDL操作。

此示例演示了如何启用innodb_print_ddl_logs以查看写入strderr的CREATE TABLE操作的DDL日志。

```mysql
mysql> SET GLOBAL innodb_print_ddl_logs=1;
mysql> CREATE TABLE t1 (c1 INT) ENGINE = InnoDB;
```

```
[Note] [000000] InnoDB: DDL log insert : [DDL record: DELETE SPACE, id=18, thread_id=7,
space_id=5, old_file_path=./test/t1.ibd]
[Note] [000000] InnoDB: DDL log delete : by id 18
[Note] [000000] InnoDB: DDL log insert : [DDL record: REMOVE CACHE, id=19, thread_id=7,
table_id=1058, new_file_path=test/t1]
[Note] [000000] InnoDB: DDL log delete : by id 19
[Note] [000000] InnoDB: DDL log insert : [DDL record: FREE, id=20, thread_id=7,
space_id=5, index_id=132, page_no=4]
[Note] [000000] InnoDB: DDL log delete : by id 20
[Note] [000000] InnoDB: DDL log post ddl : begin for thread id : 7
[Note] [000000] InnoDB: DDL log post ddl : end for thread id : 7
```

