## 26.2.2 LIST 分区

MySQL中的列表分区在许多方面与范围分区相似。与RANGE分区一样，每个分区必须明确定义。这两种分区类型之间的主要区别在于，在列表分区中，每个分区是根据列值是否属于某个值列表中的成员来定义和选择的，而不是属于某个连续值范围的一部分。通过使用 `PARTITION BY LIST(expr)` 来实现，其中 `expr` 是列值或基于列值并返回整数值的表达式，然后通过 `VALUES IN (value_list)` 定义每个分区，其中 `value_list` 是由逗号分隔的整数列表。

> **注意**
> 在MySQL 8.0中，使用LIST分区时，只能匹配整数列表（可能还有NULL——参见[第26.2.7节，"MySQL分区如何处理NULL"](#2627-how-mysql-partitioning-handles-null)）。
>
> 然而，使用LIST COLUMN分区时可以在值列表中使用其他列类型，这将在本节后面描述。

与按范围定义的分区不同，列表分区不需要按特定顺序声明。有关更详细的语法信息，请参见[第15.1.20节，"CREATE TABLE语句"](#15120-create-table-statement)。

在以下示例中，我们假设要分区的表的基本定义由这里显示的 `CREATE TABLE` 语句提供：

```sql
CREATE TABLE employees (
    id INT NOT NULL,
    fname VARCHAR(30),
    lname VARCHAR(30),
    hired DATE NOT NULL DEFAULT '1970-01-01',
    separated DATE NOT NULL DEFAULT '9999-12-31',
    job_code INT,
    store_id INT
);
```

（这是用于[第26.2.1节，"RANGE分区"](#2621-range-partitioning)示例的相同表。与其他分区示例一样，我们假设`default_storage_engine`为`InnoDB`。）

假设有20家视频店分布在4个地区，如下表所示。

| 地区 | 店铺ID编号           |
| ---- | -------------------- |
| 北方 | 3, 5, 6, 9, 17       |
| 东部 | 1, 2, 10, 11, 19, 20 |
| 西部 | 4, 12, 13, 14, 18    |
| 中部 | 7, 8, 15, 16         |

要以将属于同一区域的商店的行存储在同一分区中的方式对该表进行分区，可以使用如下所示的 `CREATE TABLE` 语句：

```sql
CREATE TABLE employees (
    id INT NOT NULL,
    fname VARCHAR(30),
    lname VARCHAR(30),
    hired DATE NOT NULL DEFAULT '1970-01-01',
    separated DATE NOT NULL DEFAULT '9999-12-31',
    job_code INT,
    store_id INT
)
PARTITION BY LIST(store_id) (
    PARTITION pNorth VALUES IN (3,5,6,9,17),
    PARTITION pEast VALUES IN (1,2,10,11,19,20),
    PARTITION pWest VALUES IN (4,12,13,14,18),
    PARTITION pCentral VALUES IN (7,8,15,16)
);
```

这使得添加或删除与特定区域相关的员工记录变得容易。例如，假设西部地区的所有商店都卖给了另一家公司。在MySQL 8.0中，可以使用 `ALTER TABLE employees TRUNCATE PARTITION pWest` 查询删除与该地区商店工作相关的所有行，这比等效的 `DELETE` 语句 `DELETE FROM employees WHERE store_id IN (4,12,13,14,18)` 执行效率更高。（使用 `ALTER TABLE employees DROP PARTITION pWest` 也会删除所有这些行，但也会从表定义中删除分区`pWest`；您需要使用 `ALTER TABLE ... ADD PARTITION` 语句来恢复表的原始分区方案。）

与RANGE分区一样，可以将LIST分区与哈希分区或键分区结合使用以生成复合分区（子分区）。参见[第26.2.6节，"子分区"](#2626-subpartitioning)。

与RANGE分区不同，没有类似 `MAXVALUE` 的“兜底”选项；应在 `PARTITION ... VALUES IN (...)` 子句中涵盖分区表达式的所有预期值。包含不匹配分区列值的 `INSERT` 语句将失败，并显示错误，如以下示例所示：

```sql
mysql> CREATE TABLE h2 (
    ->   c1 INT,
    ->   c2 INT
    -> )
    -> PARTITION BY LIST(c1) (
    ->   PARTITION p0 VALUES IN (1, 4, 7),
    ->   PARTITION p1 VALUES IN (2, 5, 8)
    -> );
Query OK, 0 rows affected (0.11 sec)

mysql> INSERT INTO h2 VALUES (3, 5);
ERROR 1525 (HY000): Table has no partition for value 3
```

当使用单个 `INSERT` 语句向单个 `InnoDB` 表插入多行时，`InnoDB` 将该语句视为单个事务，因此任何不匹配的值的存在会导致该语句完全失败，因此不插入任何行。

您可以通过使用 `IGNORE` 关键字使此类错误被忽略，尽管会为每行包含不匹配分区列值的行发出警告，如下所示。

```sql
mysql> TRUNCATE h2;
Query OK, 1 row affected (0.00 sec)

mysql> TABLE h2;
Empty set (0.00 sec)

mysql> INSERT IGNORE INTO h2 VALUES (2, 5), (6, 10), (7, 5), (3, 1), (1, 9);
Query OK, 3 rows affected, 2 warnings (0.01 sec)
Records: 5  Duplicates: 2  Warnings: 2

mysql> SHOW WARNINGS;
+---------+------+------------------------------------+
| Level   | Code | Message                            |
+---------+------+------------------------------------+
| Warning | 1526 | Table has no partition for value 6 |
| Warning | 1526 | Table has no partition for value 3 |
+---------+------+------------------------------------+
2 rows in set (0.00 sec)
```

您可以在以下 `TABLE` 语句的输出中看到，包含不匹配分区列值的行被静默拒绝，而不包含不匹配值的行被插入到表中：

```sql
mysql> TABLE h2;
+------+------+
| c1   | c2   |
+------+------+
|    7 |    5 |
|    1 |    9 |
|    2 |    5 |
+------+------+
3 rows in set (0.00 sec)
```

MySQL还提供了对LIST COLUMNS分区的支持，这是一种LIST分区的变体，使您可以使用整数以外类型的列作为分区列，并使用多个列作为分区键。更多信息，请参见[第26.2.3.2节，"LIST COLUMNS分区"](#26232-list-columns-partitioning)。