### 8.4.4.15 通用密钥环密钥管理功能

MySQL Server 支持一种密钥环服务，使内部组件和插件能够安全地存储敏感信息以供日后检索。

MySQL Server 还包括一个用于密钥环密钥管理的 SQL 接口，作为一组通用函数实现，这些函数访问内部密钥环服务提供的功能。密钥环函数包含在一个插件库文件中，该文件还包含一个 `keyring_udf` 插件，必须在调用函数之前启用。要使用这些函数，必须启用某个密钥环插件，例如 `keyring_file` 或 `keyring_okv`。

这里描述的函数是通用的，旨在与任何密钥环插件一起使用。某个特定的密钥环插件可能有自己专用的函数，专门用于该插件；请参阅 [8.4.4.16节, “插件特定的密钥环密钥管理功能”](#8.4.4.16)。

以下部分提供密钥环函数的安装说明，并演示如何使用它们。有关这些函数调用的密钥环服务函数的信息，请参阅 [7.6.9.2节, “密钥环服务”](#7.6.9.2)。有关密钥环的一般信息，请参阅 [8.4.4节, “MySQL 密钥环”](#8.4.4)。

#### 安装或卸载通用密钥环函数

本节描述如何安装或卸载密钥环函数，这些函数在一个插件库文件中实现，该文件还包含 `keyring_udf` 插件。有关安装或卸载插件和可加载函数的一般信息，请参阅 [7.6.1节, “安装和卸载插件”](#7.6.1) 和 [7.7.1节, “安装和卸载可加载函数”](#7.7.1)。

密钥环函数启用密钥环密钥管理操作，但必须同时安装 `keyring_udf` 插件，因为没有它，函数无法正常工作。如果在没有 `keyring_udf` 插件的情况下尝试使用这些函数，会导致错误。

要让服务器可用，插件库文件必须位于 MySQL 插件目录中（由 `plugin_dir` 系统变量命名的目录）。如果有必要，通过在服务器启动时设置 `plugin_dir` 的值来配置插件目录位置。

插件库文件的基本名称是 `keyring_udf`。文件名后缀因平台而异（例如，Unix 和类 Unix 系统为 `.so`，Windows 为 `.dll`）。

要安装 `keyring_udf` 插件和密钥环函数，请使用 `INSTALL PLUGIN` 和 `CREATE FUNCTION` 语句，并根据需要调整 `.so` 后缀以适应您的平台：

```sql
INSTALL PLUGIN keyring_udf SONAME 'keyring_udf.so';
CREATE FUNCTION keyring_key_generate RETURNS INTEGER
  SONAME 'keyring_udf.so';
CREATE FUNCTION keyring_key_fetch RETURNS STRING
  SONAME 'keyring_udf.so';
CREATE FUNCTION keyring_key_length_fetch RETURNS INTEGER
  SONAME 'keyring_udf.so';
CREATE FUNCTION keyring_key_type_fetch RETURNS STRING
  SONAME 'keyring_udf.so';
CREATE FUNCTION keyring_key_store RETURNS INTEGER
  SONAME 'keyring_udf.so';
CREATE FUNCTION keyring_key_remove RETURNS INTEGER
  SONAME 'keyring_udf.so';
```

如果插件和函数在源复制服务器上使用，也要在所有副本上安装它们以避免复制问题。

一旦按照上述方法安装，插件和函数将保持安装状态，直到卸载为止。要删除它们，请使用 `UNINSTALL PLUGIN` 和 `DROP FUNCTION` 语句：

```sql
UNINSTALL PLUGIN keyring_udf;
DROP FUNCTION keyring_key_generate;
DROP FUNCTION keyring_key_fetch;
DROP FUNCTION keyring_key_length_fetch;
DROP FUNCTION keyring_key_type_fetch;
DROP FUNCTION keyring_key_store;
DROP FUNCTION keyring_key_remove;
```

#### 使用通用密钥环函数

在使用通用密钥环函数之前，请按照“安装或卸载通用密钥环函数”中提供的说明进行安装。

密钥环函数受以下限制：

- 要使用任何密钥环函数，必须启用 `keyring_udf` 插件。否则会发生错误：

  ```sql
  ERROR 1123 (HY000): Can't initialize function 'keyring_key_generate';
  This function requires keyring_udf plugin which is not installed.
  Please install
  ```

  要安装 `keyring_udf` 插件，请参阅“安装或卸载通用密钥环函数”。

- 密钥环函数调用密钥环服务函数（请参阅 [7.6.9.2节, “密钥环服务”](#7.6.9.2)）。服务函数依次使用已安装的密钥环插件（例如 `keyring_file` 或 `keyring_okv`）。因此，要使用任何密钥环函数，必须启用某个底层密钥环插件。否则会发生错误：

  ```sql
  ERROR 3188 (HY000): Function 'keyring_key_generate' failed because
  underlying keyring service returned an error. Please check if a
  keyring plugin is installed and that provided arguments are valid
  for the keyring you are using.
  ```

  要安装密钥环插件，请参阅 [8.4.4.3节, “密钥环插件安装”](#8.4.4.3)。

- 用户必须拥有全局 `EXECUTE` 权限才能使用任何密钥环函数。否则会发生错误：

  ```sql
  ERROR 1123 (HY000): Can't initialize function 'keyring_key_generate';
  The user is not privileged to execute this function. User needs to
  have EXECUTE
  ```

  要授予用户全局 `EXECUTE` 权限，请使用以下语句：

  ```sql
  GRANT EXECUTE ON *.* TO user;
  ```

  或者，如果您希望避免授予全局 `EXECUTE` 权限，但仍允许用户访问特定的密钥管理操作，可以定义“包装器”存储程序（稍后在本节中描述的技术）。

- 给定用户存储在密钥环中的密钥只能由相同用户在以后操作。也就是说，在操作密钥时 `CURRENT_USER()` 函数的值必须与密钥存储在密钥环中时的值相同。（这一限制排除了使用密钥环函数操作实例范围的密钥，例如 InnoDB 创建的用于表空间加密的密钥。）

  要允许多个用户对同一个密钥执行操作，可以定义“包装器”存储程序（稍后在本节中描述的技术）。

- 密钥环函数支持底层密钥环插件支持的密钥类型和长度。有关特定密钥环插件的密钥信息，请参阅 [8.4.4.13节, “支持的密钥环密钥类型和长度”](#8.4.4.13)。

要创建一个新随机密钥并将其存储在密钥环中，请调用 `keyring_key_generate()`，传递给它一个密钥 ID、密钥类型（加密方法）及其长度（以字节为单位）。以下调用创建一个名为 `MyKey` 的 2,048 位 DSA 加密密钥：

```sql
mysql> SELECT keyring_key_generate('MyKey', 'DSA', 256);
+-------------------------------------------+
| keyring_key_generate('MyKey', 'DSA', 256) |
+-------------------------------------------+
|                                         1 |
+-------------------------------------------+
```

返回值为 1 表示成功。如果无法创建密钥，返回值为 NULL 并发生错误。可能的原因之一是底层密钥环插件不支持指定的密钥类型和密钥长度组合；请参阅 [8.4.4.13节, “支持的密钥环密钥类型和长度”](#8.4.4.13)。

为了在发生错误时能够检查返回类型，请使用 `SELECT ... INTO @var_name` 并测试变量值：

```sql
mysql> SELECT keyring_key_generate('', '', -1) INTO @x;
ERROR 3188 (HY000): Function 'keyring_key_generate' failed because
underlying keyring service returned an error. Please check if a
keyring plugin is installed and that provided arguments are valid
for the keyring you are using.
mysql> SELECT @x;
+------+
| @x   |
+------+
| NULL |
+------+
mysql> SELECT keyring_key_generate('x', 'AES', 16) INTO @x;
mysql> SELECT @x;
+------+
| @x   |
+------+
|    1 |
+------+
```

此技术也适用于其他在失败时返回一个值和一个错误的密钥环函数。

传递给 `keyring_key_generate()` 的 ID 提供了一种在后续函数调用中引用密钥的方法。例如，使用密钥 ID 来检索其类型（作为字符串）或其长度（以字节为单位）：

```sql
mysql> SELECT keyring_key_type_fetch('MyKey');
+---------------------------------+
| keyring_key_type_fetch('MyKey') |
+---------------------------------+
| DSA                             |
+---------------------------------+
mysql> SELECT keyring_key_length_fetch('MyKey');
+-----------------------------------+
| keyring_key_length_fetch('MyKey') |
+-----------------------------------+
|                               256 |
+-----------------------------------+
```

要检索密钥值，请将密钥 ID 传递给 `keyring_key_fetch()`。以下示例使用 `HEX()` 显示密钥值，因为它可能包含不可打印的字符。该示例还使用了一个简短的密钥以便简洁，但请注意，更长的密钥提供更好的安全性：

```sql
mysql> SELECT keyring_key_generate('MyShortKey', 'DSA', 8);
+----------------------------------------------+
| keyring_key_generate('MyShortKey', 'DSA', 8) |
+----------------------------------------------+
|                                            1 |
+----------------------------------------------+
mysql> SELECT HEX(keyring_key_fetch('MyShortKey'));
+--------------------------------------+
| HEX(keyring_key_fetch('MyShortKey')) |
+--------------------------------------+
| 1DB3B0FC3328A24C                     |
+--------------------------------------+
```

密钥环函数将密钥 ID、类型和值视为二进制字符串，因此比较是区分大小写的。例如，ID 为 `MyKey` 和 `mykey` 的密钥是不同的。

要删除密钥，请将密钥 ID 传递给 `keyring_key_remove()`：

```sql
mysql> SELECT keyring_key_remove('MyKey');
+-----------------------------+
| keyring_key_remove('MyKey') |
+-----------------------------+
|                           1 |
+-----------------------------+
```

要混淆并存储您提供的密钥，请将密钥 ID、类型和值传递给 `keyring_key_store()`：

```sql
mysql> SELECT keyring_key_store('AES_key', 'AES', 'Secret string');
+------------------------------------------------------+
| keyring_key_store('AES_key', 'AES', 'Secret string') |
+------------------------------------------------------+
|                                                    1 |
+------------------------------------------------------+
```

如前所述，用户必须拥有全局 `EXECUTE` 权限才能调用密钥环函数，而最初将密钥存储在密钥环中的用户在以后操作该密钥时必须是同一用户，这由每次函数调用时的 `CURRENT_USER()` 值确定。要允许没有全局 `EXECUTE` 权限或可能不是密钥“所有者”的用户执行密钥操作，请使用以下技术：

- 定义“包装器”存储程序，封装所需的密钥操作，并且 `DEFINER` 值等于密钥所有者。
- 将特定存储程序的 `EXECUTE` 权限授予应能够调用它们的个人用户。
- 如果包装器存储程序实现的操作不包括密钥创建，请使用在存储程序定义中命名为 `DEFINER` 的帐户预先创建任何必要的密钥。

此技术允许密钥在用户之间共享，并为数据库管理员提供更细粒度的控制，无需授予全局权限。

以下示例显示如何设置由 DBA 拥有的名为 `SharedKey` 的共享密钥，以及一个提供当前密钥值的 `get_shared_key()` 存储函数。具有该函数 `EXECUTE` 权限的任何用户都可以检索值，该函数在 `key_schema` 模式中创建。

从 MySQL 管理帐户（本示例中的 'root'@'localhost'）创建管理模式和访问密钥的存储函数：

```sql
mysql> CREATE SCHEMA key_schema;

mysql> CREATE DEFINER = 'root'@'localhost'
       FUNCTION key_schema.get_shared_key()
       RETURNS BLOB READS SQL DATA
       RETURN keyring_key_fetch('SharedKey');
```

从管理帐户，确保共享密钥存在：

```sql
mysql> SELECT keyring_key_generate('SharedKey', 'DSA', 8);
+---------------------------------------------+
| keyring_key_generate('SharedKey', 'DSA', 8) |
+---------------------------------------------+
|                                           1 |
+---------------------------------------------+
```

从管理帐户，创建一个普通用户帐户，以便将密钥访问权限授予该帐户：

```sql
mysql> CREATE USER 'key_user'@'localhost'
       IDENTIFIED BY 'key_user_pwd';
```

从 `key_user` 帐户，验证在没有适当 `EXECUTE` 权限的情况下，新帐户无法访问共享密钥：

```sql
mysql> SELECT HEX(key_schema.get_shared_key());
ERROR 1370 (42000): execute command denied to user 'key_user'@'localhost'
for routine 'key_schema.get_shared_key'
```

从管理帐户，为 `key_user` 授予存储函数的 `EXECUTE` 权限：

```sql
mysql> GRANT EXECUTE ON FUNCTION key_schema.get_shared_key
       TO 'key_user'@'localhost';
```

从 `key_user` 帐户，验证密钥现在可以访问：

```sql
mysql> SELECT HEX(key_schema.get_shared_key());
+----------------------------------+
| HEX(key_schema.get_shared_key()) |
+----------------------------------+
| 9BAFB9E75CEEB013                 |
+----------------------------------+
```

#### 通用密钥环函数参考

对于每个通用密钥环函数，本节描述了其目的、调用顺序和返回值。有关在何种条件下可以调用这些函数的信息，请参阅“使用通用密钥环函数”。

##### `keyring_key_fetch(key_id)`

根据给定的密钥 ID，解密并返回密钥值。

- **参数**：
  - `key_id`：指定密钥 ID 的字符串。
- **返回值**：成功返回字符串形式的密钥值，密钥不存在时返回 NULL，失败时返回 NULL 并报错。

注意：使用 `keyring_key_fetch()` 检索的密钥值受 [8.4.4.13节, “支持的密钥环密钥类型和长度”](#8.4.4.13) 中描述的一般密钥环函数限制。如果密钥值超过该长度，可以使用密钥环服务函数存储（参见 [7.6.9.2节, “密钥环服务”](#7.6.9.2)），但如果使用 `keyring_key_fetch()` 检索，则会被截断为一般密钥环函数限制。

示例：

```sql
mysql> SELECT keyring_key_generate('RSA_key', 'RSA', 16);
+--------------------------------------------+
| keyring_key_generate('RSA_key', 'RSA', 16) |
+--------------------------------------------+
|                                          1 |
+--------------------------------------------+
mysql> SELECT HEX(keyring_key_fetch('RSA_key'));
+-----------------------------------+
| HEX(keyring_key_fetch('RSA_key')) |
+-----------------------------------+
| 91C2253B696064D3556984B6630F891A  |
+-----------------------------------+
mysql> SELECT keyring_key_type_fetch('RSA_key');
+-----------------------------------+
| keyring_key_type_fetch('RSA_key') |
+-----------------------------------+
| RSA                               |
+-----------------------------------+
mysql> SELECT keyring_key_length_fetch('RSA_key');
+-------------------------------------+
| keyring_key_length_fetch('RSA_key') |
+-------------------------------------+
|                                  16 |
+-------------------------------------+
```

示例使用 `HEX()` 显示密钥值，因为它可能包含不可打印的字符。该示例还使用了一个简短的密钥以便简洁，但请注意，更长的密钥提供更好的安全性。

##### `keyring_key_generate(key_id, key_type, key_length)`

生成一个具有给定 ID、类型和长度的新随机密钥，并将其存储在密钥环中。类型和长度值必须与底层密钥环插件支持的值一致。请参阅 [8.4.4.13节, “支持的密钥环密钥类型和长度”](#8.4.4.13)。

- **参数**：
  - `key_id`：指定密钥 ID 的字符串。
  - `key_type`：指定密钥类型的字符串。
  - `key_length`：指定密钥长度（以字节为单位）的整数。
- **返回值**：成功返回 1，失败返回 NULL 并报错。

示例：

```sql
mysql> SELECT keyring_key_generate('RSA_key', 'RSA', 384);
+---------------------------------------------+
| keyring_key_generate('RSA_key', 'RSA', 384) |
+---------------------------------------------+
|                                           1 |
+---------------------------------------------+
```

##### `keyring_key_length_fetch(key_id)`

根据给定的密钥 ID，返回密钥长度。

- **参数**：
  - `key_id`：指定密钥 ID 的字符串。
- **返回值**：成功返回密钥长度（以字节为单位）的整数，密钥不存在时返回 NULL，失败时返回 NULL 并报错。

示例：请参阅 `keyring_key_fetch()` 的描述。

##### `keyring_key_remove(key_id)`

从密钥环中删除具有给定 ID 的密钥。

- **参数**：
  - `key_id`：指定密钥 ID 的字符串。
- **返回值**：成功返回 1，失败返回 NULL。

示例：

```sql
mysql> SELECT keyring_key_remove('AES_key');
+-------------------------------+
| keyring_key_remove('AES_key') |
+-------------------------------+
|                             1 |
+