## 26.6.1 分区键、主键和唯一键

本节讨论分区键与主键和唯一键的关系。控制这种关系的规则可以表述如下：用于分区表分区表达式的所有列必须是表中每个唯一键的一部分。

换句话说，表上的每个唯一键都必须使用表分区表达式中的每一列（这也包括表的主键，因为主键本质上是一个唯一键）。例如，以下每个创建表的语句都是无效的：

```sql
CREATE TABLE t1 (
    col1 INT NOT NULL,
    col2 DATE NOT NULL,
    col3 INT NOT NULL,
    col4 INT NOT NULL,
    UNIQUE KEY (col1, col2)
)
PARTITION BY HASH(col3)
PARTITIONS 4;
```

```sql
CREATE TABLE t2 (
    col1 INT NOT NULL,
    col2 DATE NOT NULL,
    col3 INT NOT NULL,
    col4 INT NOT NULL,
    UNIQUE KEY (col1),
    UNIQUE KEY (col3)
)
PARTITION BY HASH(col1 + col3)
PARTITIONS 4;
```

在每种情况下，拟议的表都会有至少一个唯一键未包含分区表达式中使用的所有列。

以下每个语句都是有效的，并代表了使对应无效的表创建语句能够工作的方式：

```sql
CREATE TABLE t1 (
    col1 INT NOT NULL,
    col2 DATE NOT NULL,
    col3 INT NOT NULL,
    col4 INT NOT NULL,
    UNIQUE KEY (col1, col2, col3)
)
PARTITION BY HASH(col3)
PARTITIONS 4;
```

```sql
CREATE TABLE t2 (
    col1 INT NOT NULL,
    col2 DATE NOT NULL,
    col3 INT NOT NULL,
    col4 INT NOT NULL,
    UNIQUE KEY (col1, col3)
)
PARTITION BY HASH(col1 + col3)
PARTITIONS 4;
```

以下示例显示了在这种情况下产生的错误：

```sql
mysql> CREATE TABLE t3 (
    ->     col1 INT NOT NULL,
    ->     col2 DATE NOT NULL,
    ->     col3 INT NOT NULL,
    ->     col4 INT NOT NULL,
    ->     UNIQUE KEY (col1, col2),
    ->     UNIQUE KEY (col3)
    -> )
    -> PARTITION BY HASH(col1 + col3)
    -> PARTITIONS 4;
ERROR 1491 (HY000): A PRIMARY KEY must include all columns in the table's partitioning function
```

`CREATE TABLE` 语句失败，因为 `col1` 和 `col3` 都包含在拟议的分区键中，但这两个列都不是表上两个唯一键的一部分。这显示了无效表定义的一种可能修复方法：

```sql
mysql> CREATE TABLE t3 (
    ->     col1 INT NOT NULL,
    ->     col2 DATE NOT NULL,
    ->     col3 INT NOT NULL,
    ->     col4 INT NOT NULL,
    ->     UNIQUE KEY (col1, col2, col3),
    ->     UNIQUE KEY (col3)
    -> )
    -> PARTITION BY HASH(col3)
    -> PARTITIONS 4;
Query OK, 0 rows affected (0.05 sec)
```

在这种情况下，拟议的分区键 `col3` 是两个唯一键的一部分，因此表创建语句成功。

以下表根本无法进行分区，因为无法在分区键中包含属于两个唯一键的任何列：

```sql
CREATE TABLE t4 (
    col1 INT NOT NULL,
    col2 INT NOT NULL,
    col3 INT NOT NULL,
    col4 INT NOT NULL,
    UNIQUE KEY (col1, col3),
    UNIQUE KEY (col2, col4)
);
```

由于每个主键本质上都是唯一键，这个限制也适用于表的主键（如果有的话）。例如，接下来的两个语句是无效的：

```sql
CREATE TABLE t5 (
    col1 INT NOT NULL,
    col2 DATE NOT NULL,
    col3 INT NOT NULL,
    col4 INT NOT NULL,
    PRIMARY KEY(col1, col2)
)
PARTITION BY HASH(col3)
PARTITIONS 4;
```

```sql
CREATE TABLE t6 (
    col1 INT NOT NULL,
    col2 DATE NOT NULL,
    col3 INT NOT NULL,
    col4 INT NOT NULL,
    PRIMARY KEY(col1, col3),
    UNIQUE KEY(col2)
)
PARTITION BY HASH( YEAR(col2) )
PARTITIONS 4;
```

在这两种情况下，主键都未包含分区表达式中引用的所有列。但是，接下来的两个语句是有效的：

```sql
CREATE TABLE t7 (
    col1 INT NOT NULL,
    col2 DATE NOT NULL,
    col3 INT NOT NULL,
    col4 INT NOT NULL,
    PRIMARY KEY(col1, col2)
)
PARTITION BY HASH(col1 + YEAR(col2))
PARTITIONS 4;
```

```sql
CREATE TABLE t8 (
    col1 INT NOT NULL,
    col2 DATE NOT NULL,
    col3 INT NOT NULL,
    col4 INT NOT NULL,
    PRIMARY KEY(col1, col2, col4),
    UNIQUE KEY(col2, col1)
)
PARTITION BY HASH(col1 + YEAR(col2))
PARTITIONS 4;
```

如果表没有唯一键（包括没有主键），那么此限制不适用，只要列类型与分区类型兼容，您可以在分区表达式中使用任何列。

出于同样的原因，除非键包含表分区表达式使用的所有列，否则不能向分区表中添加唯一键。考虑如下所示创建的分区表：

```sql
mysql> CREATE TABLE t_no_pk (c1 INT, c2 INT)
    ->     PARTITION BY RANGE(c1) (
    ->         PARTITION p0 VALUES LESS THAN (10),
    ->         PARTITION p1 VALUES LESS THAN (20),
    ->         PARTITION p2 VALUES LESS THAN (30),
    ->         PARTITION p3 VALUES LESS THAN (40)
    ->     );
Query OK, 0 rows affected (0.12 sec)
```

可以使用以下任一 `ALTER TABLE` 语句向 `t_no_pk` 添加主键：

```sql
#  possible PK
mysql> ALTER TABLE t_no_pk ADD PRIMARY KEY(c1);
Query OK, 0 rows affected (0.13 sec)
Records: 0  Duplicates: 0  Warnings: 0

# drop this PK
mysql> ALTER TABLE t_no_pk DROP PRIMARY KEY;
Query OK, 0 rows affected (0.10 sec)
Records: 0  Duplicates: 0  Warnings: 0

#  use another possible PK
mysql> ALTER TABLE t_no_pk ADD PRIMARY KEY(c1, c2);
Query OK, 0 rows affected (0.12 sec)
Records: 0  Duplicates: 0  Warnings: 0

# drop this PK
mysql> ALTER TABLE t_no_pk DROP PRIMARY KEY;
Query OK, 0 rows affected (0.09 sec)
Records: 0  Duplicates: 0  Warnings: 0
```

但是，下一个语句会失败，因为 `c1` 是分区键的一部分，但不是拟议的主键的一部分：

```sql
#  fails with error 1503
mysql> ALTER TABLE t_no_pk ADD PRIMARY KEY(c2);
ERROR 1503 (HY000): A PRIMARY KEY must include all columns in the table's partitioning function
```

由于 `t_no_pk` 的分区表达式中只有 `c1`，因此尝试单独在 `c2` 上添加唯一键会失败。但是，您可以添加同时使用 `c1` 和 `c2` 的唯一键。

这些规则也适用于现有的非分区表，如果您希望使用 `ALTER TABLE ... PARTITION BY` 对其进行分区。考虑如下所示创建的表 `np_pk`：

```sql
mysql> CREATE TABLE np_pk (
    ->     id INT NOT NULL AUTO_INCREMENT,
    ->     name VARCHAR(50),
    ->     added DATE,
    ->     PRIMARY KEY (id)
    -> );
Query OK, 0 rows affected (0.08 sec)
```

以下 `ALTER TABLE` 语句会因错误而失败，因为 `added` 列不是表中任何唯一键的一部分：

```sql
mysql> ALTER TABLE np_pk
    ->     PARTITION BY HASH( TO_DAYS(added) )
    ->     PARTITIONS 4;
ERROR 1503 (HY000): A PRIMARY KEY must include all columns in the table's partitioning function
```

然而，如下所示使用 `id` 列作为分区列的语句是有效的：

```sql
mysql> ALTER TABLE np_pk
    ->     PARTITION BY HASH(id)
    ->     PARTITIONS 4;
Query OK, 0 rows affected (0.11 sec)
Records: 0  Duplicates: 0  Warnings: 0
```

对于 `np_pk`，唯一可以用作分区表达式一部分的列是 `id`；如果希望使用分区表达式中的任何其他列或列组合对该表进行分区，必须先修改表，要么通过将所需的列添加到主键，要么完全删除主键。