## 26.6 分区的限制和局限

- [26.6.1 分区键、主键和唯一键](./26.06.01.分区键、主键和唯一键.md)
- [26.6.2 与存储引擎相关的分区限制](./26.06.02.与存储引擎相关的分区限制.md)
- [26.6.3 与函数相关的分区限制](./26.06.03.与函数相关的分区限制.md)

本节讨论了 MySQL 分区支持的当前限制和局限。

**禁止的构造。**在分区表达式中不允许使用以下构造：

- 存储过程、存储函数、可加载函数或插件。
- 声明的变量或用户变量。

有关在分区表达式中允许使用的 SQL 函数的列表，请参见 [26.6.3 节，“与函数相关的分区限制”](#26-6-3-与函数相关的分区限制)。

**算术和逻辑运算符**。在分区表达式中允许使用算术运算符 `+`、`-` 和 `*`。但是，结果必须是整数值或 `NULL`（除了 [LINEAR] KEY 分区之外，如本章其他部分所讨论的，详情参见 [26.2 节，“分区类型”](#26-2-分区类型)）。

支持 `DIV` 运算符；不允许使用 `/` 运算符。

在分区表达式中不允许使用位运算符 `|`、`&`、`^`、`<<`、`>>` 和 `~`。

**服务器 SQL 模式**。使用用户定义分区的表不保留它们在创建时生效的 SQL 模式。如本手册其他地方所讨论的（参见 [7.1.11 节，“服务器 SQL 模式”](#7-1-11-服务器-sql-模式)），许多 MySQL 函数和运算符的结果可能会根据服务器 SQL 模式的不同而变化。因此，在创建分区表后任何时候更改 SQL 模式都可能导致此类表的行为发生重大变化，并且可能会导致数据损坏或丢失。因此，强烈建议在创建分区表后不要更改服务器 SQL 模式。

考虑以下 `CREATE TABLE` 语句，只有在 `NO_UNSIGNED_SUBTRACTION` 模式生效时才能成功执行：

```sql
mysql> SELECT @@sql_mode;
+------------+
| @@sql_mode |
+------------+
|            |
+------------+
1 row in set (0.00 sec)

mysql> CREATE TABLE tu (c1 BIGINT UNSIGNED)
    ->   PARTITION BY RANGE(c1 - 10) (
    ->     PARTITION p0 VALUES LESS THAN (-5),
    ->     PARTITION p1 VALUES LESS THAN (0),
    ->     PARTITION p2 VALUES LESS THAN (5),
    ->     PARTITION p3 VALUES LESS THAN (10),
    ->     PARTITION p4 VALUES LESS THAN (MAXVALUE)
    -> );
ERROR 1563 (HY000): Partition constant is out of partition function domain

mysql> SET sql_mode='NO_UNSIGNED_SUBTRACTION';
Query OK, 0 rows affected (0.00 sec)

mysql> SELECT @@sql_mode;
+-------------------------+
| @@sql_mode              |
+-------------------------+
| NO_UNSIGNED_SUBTRACTION |
+-------------------------+
1 row in set (0.00 sec)

mysql> CREATE TABLE tu (c1 BIGINT UNSIGNED)
    ->   PARTITION BY RANGE(c1 - 10) (
    ->     PARTITION p0 VALUES LESS THAN (-5),
    ->     PARTITION p1 VALUES LESS THAN (0),
    ->     PARTITION p2 VALUES LESS THAN (5),
    ->     PARTITION p3 VALUES LESS THAN (10),
    ->     PARTITION p4 VALUES LESS THAN (MAXVALUE)
    -> );
Query OK, 0 rows affected (0.05 sec)
```

如果在创建 `tu` 后移除 `NO_UNSIGNED_SUBTRACTION` 服务器 SQL 模式，则可能无法再访问此表：

```sql
mysql> SET sql_mode='';
Query OK, 0 rows affected (0.00 sec)

mysql> SELECT * FROM tu;
ERROR 1563 (HY000): Partition constant is out of partition function domain
mysql> INSERT INTO tu VALUES (20);
ERROR 1563 (HY000): Partition constant is out of partition function domain
```

参见 [7.1.11 节，“服务器 SQL 模式”](#7-1-11-服务器-sql-模式)。

服务器 SQL 模式也会影响分区表的复制。源和副本上的 SQL 模式不同可能导致分区表达式的评估结果不同；这可能导致在源和副本的给定表副本中分区之间的数据分布不同，甚至可能导致在源上成功的分区表插入在副本上失败。为了获得最佳效果，应始终在源和副本上使用相同的服务器 SQL 模式。

**性能考虑**。分区操作对性能的某些影响如下所示：

- **文件系统操作**。分区和重新分区操作（如使用 `PARTITION BY ...`、`REORGANIZE PARTITION` 或 `REMOVE PARTITIONING` 的 `ALTER TABLE`）依赖于文件系统操作来实现。这意味着这些操作的速度受文件系统类型和特性、磁盘速度、交换空间、操作系统的文件处理效率以及与文件处理相关的 MySQL 服务器选项和变量的影响。特别是，您应该确保启用了 `large_files_support`，并且正确设置了 `open_files_limit`。涉及 InnoDB 表的分区和重新分区操作可以通过启用 `innodb_file_per_table` 来提高效率。

  参见最大分区数。

- **表锁**。通常，对表执行分区操作的进程会对表进行写锁定。从这些表中读取相对不受影响；挂起的 `INSERT` 和 `UPDATE` 操作将在分区操作完成后立即执行。有关此限制的 InnoDB 特定例外，请参见分区操作。

- **索引；分区修剪**。与非分区表一样，正确使用索引可以显著加快分区表的查询速度。此外，设计分区表和这些表上的查询以利用分区修剪可以显著提高性能。详情参见 [26.4 节，“分区修剪”](#26-4-分区修剪)。

  支持对分区表的索引条件下推优化。参见 [10.2.1.6 节，“索引条件下推优化”](https://dev.mysql.com/doc/refman/8.0/en/index-condition-pushdown-optimization.html)。

- **使用 `LOAD DATA` 的性能**。在 MySQL 8.0 中，`LOAD DATA` 使用缓冲来提高性能。您应注意，缓冲区使用每个分区 130 KB 的内存来实现这一点。

**最大分区数**。对于不使用 NDB 存储引擎的给定表，最大可能的分区数为 8192。此数字包括子分区。

对于使用 NDB 存储引擎的表，最大可能的用户定义分区数取决于所使用的 NDB Cluster 软件版本、数据节点的数量和其他因素。详情参见 [NDB 和用户定义分区](https://dev.mysql.com/doc/refman/8.0/en/mysql-cluster-user-defined-partitioning.html)。

如果在创建具有大量分区（但少于最大值）的表时遇到错误消息，例如从存储引擎获取错误...：打开文件时资源不足，您可以通过增加 `open_files_limit` 系统变量的值来解决问题。然而，这取决于操作系统，并不一定在所有平台上都可行或可取；详情参见 [B.3.2.16 节，“找不到文件和类似错误”](https://dev.mysql.com/doc/refman/8.0/en/cannot-find-file.html)。在某些情况下，由于其他原因，使用大量（数百个）分区也可能不明智，因此使用更多分区并不一定会带来更好的结果。

参见文件系统操作。

**InnoDB 分区表不支持外键**。使用 InnoDB 存储引擎的分区表不支持外键。更具体地说，这意味着以下两种情况成立：

1. 使用用户定义分区的 InnoDB 表的定义中不得包含外键引用；定义中包含外键引用的 InnoDB 表不得进行分区。
2. InnoDB 表定义中不得包含对用户分区表的外键引用；具有用户定义分区的 InnoDB 表不得包含被外键引用的列。

上述限制的范围包括使用 InnoDB 存储引擎的所有表。导致表违反这些限制的 `CREATE TABLE` 和 `ALTER TABLE` 语句不允许执行。

**`ALTER TABLE ... ORDER BY`**。对分区表运行的 `ALTER TABLE ... ORDER BY column` 语句仅在每个分区内对行进行排序。

**`ADD COLUMN ... ALGORITHM=INSTANT`**。一旦对分区表执行了 `ALTER TABLE ... ADD COLUMN ... ALGORITHM=INSTANT`，就无法再与此表交换分区。

**修改主键对 `REPLACE` 语句的影响**。在某些情况下（参见 [26.6.1 节，“分区键、主键和唯一键”](#26-6-1-分区键主键和唯一键)），修改表的主键可能是可取的。请注意，如果您的应用程序使用 `REPLACE` 语句并且执行此操作，则这些语句的结果可能会发生巨大变化。详情参见 [15.2.12 节，“REPLACE 语句”](https://dev.mysql.com/doc/refman/8.0/en/replace.html)。

**`FULLTEXT` 索引**。分区表不支持 `FULLTEXT` 索引或搜索。

**空间列**。具有空间数据类型（如 `POINT` 或 `GEOMETRY`）的列不能用于分区表。

**临时表。**临时表不能进行分区。

**日志表**。无法对日志表进行分区；对这种表执行 `ALTER TABLE ... PARTITION BY ...` 语句会失败并出现错误。

**分区键的数据类型**。分区键必须是整数列或解析为整数的表达式。不能使用包含 `ENUM` 列的表达式。列或表达式值也可以为 `NULL`；参见 [26.2.7 节，“MySQL 分区如何处理 NULL”](#26-2-7-MySQL-分区如何处理-NULL)。

此限制有两个例外：

1. 当按 [LINEAR] KEY 分区时，可以使用除 `TEXT` 或 `BLOB` 以外的任何有效 MySQL 数据类型的列作为分区键，因为内部键哈希函数会从这些类型中生成正确的数据类型。例如，以下两个 `CREATE TABLE` 语句是有效的：

  ```sql
  CREATE TABLE tkc (c1 CHAR)
  PARTITION BY KEY(c1)
  PARTITIONS 4;
  
  CREATE TABLE tke
      ( c1 ENUM('red', 'orange', 'yellow', 'green', 'blue', 'indigo', 'violet') )
  PARTITION BY LINEAR KEY(c1)
  PARTITIONS 6;
  ```

2. 当按 `RANGE COLUMNS` 或 `LIST COLUMNS` 分区时，可以使用字符串、`DATE` 和 `DATETIME` 列。例如，以下每个 `CREATE TABLE` 语句都是有效的：

  ```sql
  CREATE TABLE rc (c1 INT, c2 DATE)
  PARTITION BY RANGE COLUMNS(c2) (
      PARTITION p0 VALUES LESS THAN('1990-01-01'),
      PARTITION p1 VALUES LESS THAN('1995-01-01'),
      PARTITION p2 VALUES LESS THAN('2000-01-01'),
      PARTITION p3 VALUES LESS THAN('2005-01-01'),
      PARTITION p4 VALUES LESS THAN(MAXVALUE)
  );
  
  CREATE TABLE lc (c1 INT, c2 CHAR(1))
  PARTITION BY LIST COLUMNS(c2) (
      PARTITION p0 VALUES IN('a', 'd', 'g', 'j', 'm', 'p', 's', 'v', 'y'),
      PARTITION p1 VALUES IN('b', 'e', 'h', 'k', 'n', 'q', 't', 'w', 'z'),
      PARTITION p2 VALUES IN('c', 'f', 'i', 'l', 'o', 'r', 'u', 'x', NULL)
  );
  ```

上述任何一个例外都不适用于 `BLOB` 或 `TEXT` 列类型。

**子查询**。分区键不能是子查询，即使该子查询解析为整数值或 `NULL`。

**键分区不支持列索引前缀**。在按键分区创建表时，分区键中使用列前缀的任何列都不用于表的分区函数。考虑以下 `CREATE TABLE` 语句，该语句有三个 `VARCHAR` 列，其主键使用所有三个列并为其中两个指定前缀：

```sql
CREATE TABLE t1 (
    a VARCHAR(10000),
    b VARCHAR(25),
    c VARCHAR(10),
    PRIMARY KEY (a(10), b, c(2))
) PARTITION BY KEY() PARTITIONS 2;
```

此语句被接受，但实际创建的表就像您发出了以下语句一样，仅使用未包含前缀的主键列（列 `b`）作为分区键：

```sql
CREATE TABLE t1 (
    a VARCHAR(10000),
    b VARCHAR(25),
    c VARCHAR(10),
    PRIMARY KEY (a(10), b, c(2))
) PARTITION BY KEY(b) PARTITIONS 2;
```

在 MySQL 8.0.21 之前，没有警告或其他提示表明发生了这种情况，除非所有指定用于分区键的列都使用了前缀，在这种情况下，语句失败，但错误消息具有误导性，如下所示：

```sql
mysql> CREATE TABLE t2 (
    ->     a VARCHAR(10000),
    ->     b VARCHAR(25),
    ->     c VARCHAR(10),
    ->     PRIMARY KEY (a(10), b(5), c(2))
    -> ) PARTITION BY KEY() PARTITIONS 2;
ERROR 1503 (HY000): A PRIMARY KEY must include all columns in the
table's partitioning function
```

执行 `ALTER TABLE` 或升级此类表时也会发生这种情况。

从 MySQL 8.0.21 开始，这种宽容行为已被弃用（并将在 MySQL 的未来版本中删除）。从 MySQL 8.0.21 开始，在分区键中使用一个或多个前缀列会导致每个此类列出现警告，如下所示：

```sql
mysql> CREATE TABLE t1 (
    ->     a VARCHAR(10000),
    ->     b VARCHAR(25),
    ->     c VARCHAR(10),
    ->     PRIMARY KEY (a(10), b, c(2))
    -> ) PARTITION BY KEY() PARTITIONS 2;
Query OK, 0 rows affected, 2 warnings (1.25 sec)

mysql> SHOW WARNINGS\G
*************************** 1. row ***************************
  Level: Warning
   Code: 1681
Message: Column 'test.t1.a' having prefix key part 'a(10)' is ignored by the
partitioning function. Use of prefixed columns in the PARTITION BY KEY() clause
is deprecated and will be removed in a future release.
*************************** 2. row ***************************
  Level: Warning
   Code: 1681
Message: Column 'test.t1.c' having prefix key part 'c(2)' is ignored by the
partitioning function. Use of prefixed columns in the PARTITION BY KEY() clause
is deprecated and will be removed in a future release.
2 rows in set (0.00 sec)
```

这包括使用表的主键列作为分区函数中隐式定义的列的情况，通过使用空的 `PARTITION BY KEY()` 子句。

在 MySQL 8.0.21 及更高版本中，如果为分区键指定的所有列都使用前缀，则使用识别正确问题的错误消息，`CREATE TABLE` 语句将失败：

```sql
mysql> CREATE TABLE t1 (
    ->     a VARCHAR(10000),
    ->     b VARCHAR(25),
    ->     c VARCHAR(10),
    ->     PRIMARY KEY (a(10), b(5), c(2))
    -> ) PARTITION BY KEY() PARTITIONS 2;
ERROR 1503 (HY000): A PRIMARY KEY must include all columns in the table's
partitioning function (prefixed columns are not considered).
```

有关按键分区表的一般信息，请参见 [26.2.5 节，“KEY 分区”](#26-2-5-KEY-分区)。

**子分区的问题**。子分区必须使用 `HASH` 或 `KEY` 分区。只有 `RANGE` 和 `LIST` 分区可以进行子分区；`HASH` 和 `KEY` 分区不能进行子分区。

`SUBPARTITION BY KEY` 要求必须显式指定子分区列，而不是像 `PARTITION BY KEY` 那样可以省略（在这种情况下默认使用表的主键列）。考虑以下语句创建的表：

```sql
CREATE TABLE ts (
    id INT NOT NULL AUTO_INCREMENT PRIMARY KEY,
    name VARCHAR(30)
);
```

可以使用如下语句创建具有相同列、按键分区的表：

```sql
CREATE TABLE ts (
    id INT NOT NULL AUTO_INCREMENT PRIMARY KEY,
    name VARCHAR(30)
)
PARTITION BY KEY()
PARTITIONS 4;
```

前面的语句被视为使用表的主键列作为分区列，如下所示：

```sql
CREATE TABLE ts (
    id INT NOT NULL AUTO_INCREMENT PRIMARY KEY,
    name VARCHAR(30)
)
PARTITION BY KEY(id)
PARTITIONS 4;
```

但是，以下尝试使用默认列作为子分区列创建子分区表的语句将失败，必须指定列才能使语句成功，如下所示：

```sql
mysql> CREATE TABLE ts (
    ->     id INT NOT NULL AUTO_INCREMENT PRIMARY KEY,
    ->     name VARCHAR(30)
    -> )
    -> PARTITION BY RANGE(id)
    -> SUBPARTITION BY KEY()
    -> SUBPARTITIONS 4
    -> (
    ->     PARTITION p0 VALUES LESS THAN
      	 (100),
    ->     PARTITION p1 VALUES LESS THAN (MAXVALUE)
    -> );
ERROR 1064 (42000): You have an error in your SQL syntax; check the manual that
corresponds to your MySQL server version for the right syntax to use near ')

mysql> CREATE TABLE ts (
    ->     id INT NOT NULL AUTO_INCREMENT PRIMARY KEY,
    ->     name VARCHAR(30)
    -> )
    -> PARTITION BY RANGE(id)
    -> SUBPARTITION BY KEY(id)
    -> SUBPARTITIONS 4
    -> (
    ->     PARTITION p0 VALUES LESS THAN (100),
    ->     PARTITION p1 VALUES LESS THAN (MAXVALUE)
    -> );
Query OK, 0 rows affected (0.07 sec)
```


这是一个已知问题（参见 Bug #51470）。

**`DATA DIRECTORY` 和 `INDEX DIRECTORY` 选项**。表级 `DATA DIRECTORY` 和 `INDEX DIRECTORY` 选项被忽略（参见 Bug #32091）。可以对 InnoDB 表的各个分区或子分区使用这些选项。从 MySQL 8.0.21 开始，在 `DATA DIRECTORY` 子句中指定的目录必须为 InnoDB 所知。有关更多信息，请参见 [使用 DATA DIRECTORY 子句](https://dev.mysql.com/doc/refman/8.0/en/innodb-data-directory.html)。

**修复和重建分区表**。支持对分区表执行 `CHECK TABLE`、`OPTIMIZE TABLE`、`ANALYZE TABLE` 和 `REPAIR TABLE` 语句。

此外，可以使用 `ALTER TABLE ... REBUILD PARTITION` 重建一个或多个分区表的分区；`ALTER TABLE ... REORGANIZE PARTITION` 也会导致分区重建。有关这两个语句的更多信息，请参见 [15.1.9 节，“ALTER TABLE 语句”](https://dev.mysql.com/doc/refman/8.0/en/alter-table.html)。

支持对子分区执行 `ANALYZE`、`CHECK`、`OPTIMIZE`、`REPAIR` 和 `TRUNCATE` 操作。详情参见 [15.1.9.1 节，“ALTER TABLE 分区操作”](https://dev.mysql.com/doc/refman/8.0/en/alter-table-partition-operations.html)。

**分区和子分区的文件名分隔符**。表分区和子分区文件名包含生成的分隔符（如 `#P#` 和 `#SP#`）。这些分隔符的字母大小写可能会有所不同，且不应依赖。