## 29.11 性能模式表的一般特性

`performance_schema` 数据库的名称是小写的，其内的表名也是小写的。查询时应使用小写字母指定名称。

`performance_schema` 数据库中的许多表是只读的，无法修改：

```sql
mysql> TRUNCATE TABLE performance_schema.setup_instruments;
ERROR 1683 (HY000): Invalid performance_schema usage.
```

部分设置表具有可修改的列，这些列的修改会影响 `性能模式` 的操作；某些表还允许插入或删除行。可以对包含这些信息的表执行 `TRUNCATE` 操作来清除已收集的事件，因此可以对表名以 `events_waits_` 为前缀的表使用 `TRUNCATE TABLE`。

汇总表可以通过 `TRUNCATE TABLE` 进行截断。通常，效果是将汇总列重置为 `0` 或 `NULL`，而不是删除行。这使您可以清除已收集的值并重新开始汇总。例如，在运行时配置更改后，这可能会很有用。对于该截断行为的例外情况，将在各个汇总表的章节中说明。

权限与其他数据库和表相同：

- 要从 `performance_schema` 表中检索数据，您必须具有 `SELECT` 权限。
- 要更改可以修改的列，您必须具有 `UPDATE` 权限。
- 要截断可以截断的表，您必须具有 `DROP` 权限。

由于只有有限的权限适用于 `性能模式` 表，尝试使用 `GRANT ALL` 作为在数据库或表级别授予权限的简写时会失败，并出现错误：

```sql
mysql> GRANT ALL ON performance_schema.*
       TO 'u1'@'localhost';
ERROR 1044 (42000): Access denied for user 'root'@'localhost'
to database 'performance_schema'
```

```sql
mysql> GRANT ALL ON performance_schema.setup_instruments
       TO 'u2'@'localhost';
ERROR 1044 (42000): Access denied for user 'root'@'localhost'
to database 'performance_schema'
```

相反，应该准确授予所需的权限：

```sql
mysql> GRANT SELECT ON performance_schema.*
       TO 'u1'@'localhost';
Query OK, 0 rows affected (0.03 sec)
```

```sql
mysql> GRANT SELECT, UPDATE ON performance_schema.setup_instruments
       TO 'u2'@'localhost';
Query OK, 0 rows affected (0.02 sec)
```