### 26.3.3 将分区和子分区与表交换

在 MySQL 8.0 中，可以使用 `ALTER TABLE pt EXCHANGE PARTITION p WITH TABLE nt` 语句，将一个表的分区或子分区与另一个表进行交换，其中 `pt` 是分区表，`p` 是要交换的 `pt` 的分区或子分区，`nt` 是要与 `p` 交换的未分区表。前提是以下条件为真：

1. 表 `nt` 本身不是分区表。

2. 表 `nt` 不是临时表。

3. 表 `pt` 和 `nt` 的结构完全相同。

4. 表 `nt` 不包含外键引用，且没有其他表包含对 `nt` 的外键引用。

5. 表 `nt` 中没有超出分区 `p` 定义范围的行。如果使用 `WITHOUT VALIDATION`，则不适用此条件。

6. 两个表必须使用相同的字符集和排序规则。

7. 对于 InnoDB 表，两个表必须使用相同的行格式。要确定 InnoDB 表的行格式，请查询 `INFORMATION_SCHEMA.INNODB_TABLES`。

8. 分区 `p` 的任何分区级别的 `MAX_ROWS` 设置必须与表级别的 `MAX_ROWS` 值相同，分区 `p` 的 `MIN_ROWS` 设置也必须与表 `nt` 的 `MIN_ROWS` 值相同。

   这在任何情况下都是正确的，无论 `pt` 是否有显式的表级 `MAX_ROWS` 或 `MIN_ROWS` 选项生效。

9. `pt` 和 `nt` 两个表之间的 `AVG_ROW_LENGTH` 不能不同。

10. 表 `pt` 没有使用 `DATA DIRECTORY` 选项的分区。此限制在 MySQL 8.0.14 及更高版本的 InnoDB 表中已取消。

11. `INDEX DIRECTORY` 在表和要与其交换的分区之间不能不同。
12. 两个表中都不能使用任何 `TABLESPACE` 选项。

除了通常所需的 `ALTER`、`INSERT` 和 `CREATE` 权限之外，执行 `ALTER TABLE ... EXCHANGE PARTITION` 还需要具有 `DROP` 权限。

需要注意以下几点：

- 执行 `ALTER TABLE ... EXCHANGE PARTITION` 不会触发分区表或要交换的表上的任何触发器。
- 交换表中的任何 `AUTO_INCREMENT` 列都会重置。
- 使用 `ALTER TABLE ... EXCHANGE PARTITION` 时，`IGNORE` 关键字无效。

`ALTER TABLE ... EXCHANGE PARTITION` 的语法如下，其中 `pt` 是分区表，`p` 是要交换的分区（或子分区），`nt` 是要与 `p` 交换的未分区表：

```sql
ALTER TABLE pt
    EXCHANGE PARTITION p
    WITH TABLE nt;
```

可选地，可以附加 `WITH VALIDATION` 或 `WITHOUT VALIDATION`。当指定 `WITHOUT VALIDATION` 时，`ALTER TABLE ... EXCHANGE PARTITION` 操作在交换分区与未分区表时不会进行逐行验证，允许数据库管理员确保行在分区定义的范围内。默认情况下是 `WITH VALIDATION`。

在单个 `ALTER TABLE EXCHANGE PARTITION` 语句中，只能交换一个分区或子分区与一个未分区表。要交换多个分区或子分区，请使用多个 `ALTER TABLE EXCHANGE PARTITION` 语句。`EXCHANGE PARTITION` 不能与其他 `ALTER TABLE` 选项结合使用。分区表可以使用 MySQL 8.0 支持的任何类型或类型的分区和（如果适用）子分区。

#### 将分区与未分区表交换

假设使用以下 SQL 语句创建并填充了一个分区表 `e`：

```sql
CREATE TABLE e (
    id INT NOT NULL,
    fname VARCHAR(30),
    lname VARCHAR(30)
)
    PARTITION BY RANGE (id) (
        PARTITION p0 VALUES LESS THAN (50),
        PARTITION p1 VALUES LESS THAN (100),
        PARTITION p2 VALUES LESS THAN (150),
        PARTITION p3 VALUES LESS THAN (MAXVALUE)
);

INSERT INTO e VALUES
    (1669, "Jim", "Smith"),
    (337, "Mary", "Jones"),
    (16, "Frank", "White"),
    (2005, "Linda", "Black");
```

现在创建一个名为 `e2` 的未分区副本。这可以通过 `mysql` 客户端完成，如下所示：

```sql
mysql> CREATE TABLE e2 LIKE e;
Query OK, 0 rows affected (0.04 sec)

mysql> ALTER TABLE e2 REMOVE PARTITIONING;
Query OK, 0 rows affected (0.07 sec)
Records: 0  Duplicates: 0  Warnings: 0
```

可以通过查询 `INFORMATION_SCHEMA.PARTITIONS` 表，查看 `e` 表中的哪些分区包含行，如下所示：

```sql
mysql> SELECT PARTITION_NAME, TABLE_ROWS
           FROM INFORMATION_SCHEMA.PARTITIONS
           WHERE TABLE_NAME = 'e';
+----------------+------------+
| PARTITION_NAME | TABLE_ROWS |
+----------------+------------+
| p0             |          1 |
| p1             |          0 |
| p2             |          0 |
| p3             |          3 |
+----------------+------------+
2 rows in set (0.00 sec)
```

要将 `e` 表中的分区 `p0` 与表 `e2` 交换，可以使用如下所示的 `ALTER TABLE` 语句：

```sql
mysql> ALTER TABLE e EXCHANGE PARTITION p0 WITH TABLE e2;
Query OK, 0 rows affected (0.04 sec)
```

更准确地说，刚刚执行的语句会将分区中的任何行与表中的那些行进行交换。可以通过再次查询 `INFORMATION_SCHEMA.PARTITIONS` 表来观察这种情况。之前在分区 `p0` 中的表行不再存在：

```sql
mysql> SELECT PARTITION_NAME, TABLE_ROWS
           FROM INFORMATION_SCHEMA.PARTITIONS
           WHERE TABLE_NAME = 'e';
+----------------+------------+
| PARTITION_NAME | TABLE_ROWS |
+----------------+------------+
| p0             |          0 |
| p1             |          0 |
| p2             |          0 |
| p3             |          3 |
+----------------+------------+
4 rows in set (0.00 sec)
```

如果查询 `e2` 表，可以看到之前“丢失”的行现在在那里：

```sql
mysql> SELECT * FROM e2;
+----+-------+-------+
| id | fname | lname |
+----+-------+-------+
| 16 | Frank | White |
+----+-------+-------+
1 row in set (0.00 sec)
```

要交换的表不一定是空的。为演示这一点，首先在 `e` 表中插入一行新记录，确保该行存储在分区 `p0` 中，然后再次使用之前的 `ALTER TABLE` 语句交换分区 `p0` 和表 `e2`：

```sql
mysql> INSERT INTO e VALUES (41, "Michael", "Green");
Query OK, 1 row affected (0.05 sec)

mysql> SELECT PARTITION_NAME, TABLE_ROWS
           FROM INFORMATION_SCHEMA.PARTITIONS
           WHERE TABLE_NAME = 'e';            
+----------------+------------+
| PARTITION_NAME | TABLE_ROWS |
+----------------+------------+
| p0             |          1 |
| p1             |          0 |
| p2             |          0 |
| p3             |          3 |
+----------------+------------+
4 rows in set (0.00 sec)

mysql> ALTER TABLE e EXCHANGE PARTITION p0 WITH TABLE e2;
Query OK, 0 rows affected (0.28 sec)

mysql> SELECT * FROM e;
+------+-------+-------+
| id   | fname | lname |
+------+-------+-------+
|   16 | Frank | White |
| 1669 | Jim   | Smith |
|  337 | Mary  | Jones |
| 2005 | Linda | Black |
+------+-------+-------+
4 rows in set (0.00 sec)

mysql> SELECT PARTITION_NAME, TABLE_ROWS
           FROM INFORMATION_SCHEMA.PARTITIONS
           WHERE TABLE_NAME = 'e';
+----------------+------------+
| PARTITION_NAME | TABLE_ROWS |
+----------------+------------+
| p0             |          1 |
| p1             |          0 |
| p2             |          0 |
| p3             |          3 |
+----------------+------------+
4 rows in set (0.00 sec)

mysql> SELECT * FROM e2;
+----+---------+-------+
| id | fname   | lname |
+----+---------+-------+
| 41 | Michael | Green |
+----+---------+-------+
1 row in set (0.00 sec)
```

#### 不匹配的行

请记住，在执行 `ALTER TABLE ... EXCHANGE PARTITION` 语句之前，未分区表中的任何行都必须满足存储在目标分区中的条件；否则，语句将失败。要了解这一点，首先在 `e2` 表中插入一行超出分区 `p0` 定义范围的行。例如，插入一个 id 列值太大的行，然后再次尝试交换表与分区：

```sql
mysql> INSERT INTO e2 VALUES
```

 (51, "Ellen", "McDonald");
Query OK, 1 row affected (0.08 sec)

mysql> ALTER TABLE e EXCHANGE PARTITION p0 WITH TABLE e2;
ERROR 1707 (HY000): Found row that does not match the partition
```

只有 `WITHOUT VALIDATION` 选项才能允许此操作成功：

```sql
mysql> ALTER TABLE e EXCHANGE PARTITION p0 WITH TABLE e2 WITHOUT VALIDATION;
Query OK, 0 rows affected (0.02 sec)
```

当分区与包含不匹配分区定义的行的表交换时，数据库管理员有责任修复不匹配的行，这可以通过使用 `REPAIR TABLE` 或 `ALTER TABLE ... REPAIR PARTITION` 来完成。

#### 在不进行逐行验证的情况下交换分区

为了避免在交换包含许多行的分区与表时进行耗时的验证，可以通过在 `ALTER TABLE ... EXCHANGE PARTITION` 语句后附加 `WITHOUT VALIDATION` 来跳过逐行验证步骤。

以下示例比较了在交换包含 100 万行的未分区表的分区时，使用和不使用验证的执行时间差异。分区表（表 `e`）包含两个各有 100 万行的分区。`e` 表的分区 `p0` 中的行被删除，并用包含 100 万行的未分区表交换。`WITH VALIDATION` 操作耗时 0.74 秒。相比之下，`WITHOUT VALIDATION` 操作耗时 0.01 秒。

```sql
# 创建一个每个分区包含 100 万行的分区表

CREATE TABLE e (
    id INT NOT NULL,
    fname VARCHAR(30),
    lname VARCHAR(30)
)
    PARTITION BY RANGE (id) (
        PARTITION p0 VALUES LESS THAN (1000001),
        PARTITION p1 VALUES LESS THAN (2000001),
);

mysql> SELECT COUNT(*) FROM e;
| COUNT(*) |
+----------+
|  2000000 |
+----------+
1 row in set (0.27 sec)

# 查看每个分区中的行

SELECT PARTITION_NAME, TABLE_ROWS FROM INFORMATION_SCHEMA.PARTITIONS WHERE TABLE_NAME = 'e';
+----------------+-------------+
| PARTITION_NAME | TABLE_ROWS  |
+----------------+-------------+
| p0             |     1000000 |
| p1             |     1000000 |
+----------------+-------------+
2 rows in set (0.00 sec)

# 创建一个相同结构的未分区表并填充 100 万行

CREATE TABLE e2 (
    id INT NOT NULL,
    fname VARCHAR(30),
    lname VARCHAR(30)
);

mysql> SELECT COUNT(*) FROM e2;
+----------+
| COUNT(*) |
+----------+
|  1000000 |
+----------+
1 row in set (0.24 sec)

# 再创建一个相同结构的未分区表并填充 100 万行

CREATE TABLE e3 (
    id INT NOT NULL,
    fname VARCHAR(30),
    lname VARCHAR(30)
);

mysql> SELECT COUNT(*) FROM e3;
+----------+
| COUNT(*) |
+----------+
|  1000000 |
+----------+
1 row in set (0.25 sec)

# 从 e 表的 p0 分区中删除行

mysql> DELETE FROM e WHERE id < 1000001;
Query OK, 1000000 rows affected (5.55 sec)

# 确认 p0 分区中没有行

mysql> SELECT PARTITION_NAME, TABLE_ROWS FROM INFORMATION_SCHEMA.PARTITIONS WHERE TABLE_NAME = 'e';
+----------------+------------+
| PARTITION_NAME | TABLE_ROWS |
+----------------+------------+
| p0             |          0 |
| p1             |    1000000 |
+----------------+------------+
2 rows in set (0.00 sec)

# 使用 'WITH VALIDATION' 交换 e 表的 p0 分区与表 e2

mysql> ALTER TABLE e EXCHANGE PARTITION p0 WITH TABLE e2 WITH VALIDATION;
Query OK, 0 rows affected (0.74 sec)

# 确认分区已与表 e2 交换

mysql> SELECT PARTITION_NAME, TABLE_ROWS FROM INFORMATION_SCHEMA.PARTITIONS WHERE TABLE_NAME = 'e';
+----------------+------------+
| PARTITION_NAME | TABLE_ROWS |
+----------------+------------+
| p0             |    1000000 |
| p1             |    1000000 |
+----------------+------------+
2 rows in set (0.00 sec)

# 再次从 e 表的 p0 分区中删除行

mysql> DELETE FROM e WHERE id < 1000001;
Query OK, 1000000 rows affected (5.55 sec)

# 确认 p0 分区中没有行

mysql> SELECT PARTITION_NAME, TABLE_ROWS FROM INFORMATION_SCHEMA.PARTITIONS WHERE TABLE_NAME = 'e';
+----------------+------------+
| PARTITION_NAME | TABLE_ROWS |
+----------------+------------+
| p0             |          0 |
| p1             |    1000000 |
+----------------+------------+
2 rows in set (0.00 sec)

# 使用 'WITHOUT VALIDATION' 交换 e 表的 p0 分区与表 e3

mysql> ALTER TABLE e EXCHANGE PARTITION p0 WITH TABLE e3 WITHOUT VALIDATION;
Query OK, 0 rows affected (0.01 sec)

# 确认分区已与表 e3 交换

mysql> SELECT PARTITION_NAME, TABLE_ROWS FROM INFORMATION_SCHEMA.PARTITIONS WHERE TABLE_NAME = 'e';
+----------------+------------+
| PARTITION_NAME | TABLE_ROWS |
+----------------+------------+
| p0             |    1000000 |
| p1             |    1000000 |
+----------------+------------+
2 rows in set (0.00 sec)
```

#### 将子分区与未分区表交换

可以使用 `ALTER TABLE ... EXCHANGE PARTITION` 语句，将子分区表的子分区（见 [第 26.2.6 节](#2626-子分区)）与未分区表交换。在以下示例中，首先创建一个按 `RANGE` 分区并按 `KEY` 子分区的表 `es`，如同我们之前创建表 `e` 那样填充此表，然后创建一个空的未分区副本 `es2`，如下所示：

```sql
mysql> CREATE TABLE es (
    ->     id INT NOT NULL,
    ->     fname VARCHAR(30),
    ->     lname VARCHAR(30)
    -> )
    ->     PARTITION BY RANGE (id)
    ->     SUBPARTITION BY KEY (lname)
    ->     SUBPARTITIONS 2 (
    ->         PARTITION p0 VALUES LESS THAN (50),
    ->         PARTITION p1 VALUES LESS THAN (100),
    ->         PARTITION p2 VALUES LESS THAN (150),
    ->         PARTITION p3 VALUES LESS THAN (MAXVALUE)
    ->     );
Query OK, 0 rows affected (2.76 sec)

mysql> INSERT INTO es VALUES
    ->     (1669, "Jim", "Smith"),
    ->     (337, "Mary", "Jones"),
    ->     (16, "Frank", "White"),
    ->     (2005, "Linda", "Black");
Query OK, 4 rows affected (0.04 sec)
Records: 4  Duplicates: 0  Warnings: 0

mysql> CREATE TABLE es2 LIKE es;
Query OK, 0 rows affected (1.27 sec)

mysql> ALTER TABLE es2 REMOVE PARTITIONING;
Query OK, 0 rows affected (0.70 sec)
Records: 0  Duplicates: 0  Warnings: 0
```

虽然在创建表 `es` 时没有显式命名任何子分区，但可以通过在选择 `INFORMATION_SCHEMA` 表时包括 `SUBPARTITION_NAME` 列来获取生成的名称，如下所示：

```sql
mysql> SELECT PARTITION_NAME, SUBPARTITION_NAME, TABLE_ROWS
    ->     FROM INFORMATION_SCHEMA.PARTITIONS
    ->     WHERE TABLE_NAME = 'es';
+----------------+-------------------+------------+
| PARTITION_NAME | SUBPARTITION_NAME | TABLE_ROWS |
+----------------+-------------------+------------+
| p0             | p0sp0             |          1 |
| p0             | p0sp1             |          0 |
| p1             | p1sp0             |          0 |
| p1             | p1sp1             |          0 |
| p2             | p2sp0             |          0 |
| p2             | p2sp1             |          0 |
| p3             | p3sp0             |          3 |
| p3             | p3sp1             |          0 |
+----------------+-------------------+------------+
8 rows in set (0.00 sec)
```

以下 `ALTER TABLE` 语句将表 `es` 中的子分区 `p3sp0` 与未分区表 `es2` 交换：

```sql
mysql> ALTER TABLE es EXCHANGE PARTITION p3sp0 WITH TABLE es2;
Query OK, 0 rows affected (0.29 sec)
```

可以通过执行以下查询来验证行已交换：

```sql
mysql> SELECT PARTITION_NAME, SUBPARTITION_NAME, TABLE_ROWS
    ->     FROM INFORMATION_SCHEMA.PARTITIONS
    ->     WHERE
```

 TABLE_NAME = 'es';
+----------------+-------------------+------------+
| PARTITION_NAME | SUBPARTITION_NAME | TABLE_ROWS |
+----------------+-------------------+------------+
| p0             | p0sp0             |          1 |
| p0             | p0sp1             |          0 |
| p1             | p1sp0             |          0 |
| p1             | p1sp1             |          0 |
| p2             | p2sp0             |          0 |
| p2             | p2sp1             |          0 |
| p3             | p3sp0             |          0 |
| p3             | p3sp1             |          0 |
+----------------+-------------------+------------+
8 rows in set (0.00 sec)

mysql> SELECT * FROM es2;
+------+-------+-------+
| id   | fname | lname |
+------+-------+-------+
| 1669 | Jim   | Smith |
|  337 | Mary  | Jones |
| 2005 | Linda | Black |
+------+-------+-------+
3 rows in set (0.00 sec)
```

如果一个表是子分区的，则只能将该表的子分区（而不是整个分区）与未分区表交换，如下所示：

```sql
mysql> ALTER TABLE es EXCHANGE PARTITION p3 WITH TABLE es2;
ERROR 1704 (HY000): Subpartitioned table, use subpartition instead of partition
```

表结构的比较是严格的；分区表和未分区表的列和索引的数量、顺序、名称和类型必须完全匹配。此外，两者必须使用相同的存储引擎：

```sql
mysql> CREATE TABLE es3 LIKE e;
Query OK, 0 rows affected (1.31 sec)

mysql> ALTER TABLE es3 REMOVE PARTITIONING;
Query OK, 0 rows affected (0.53 sec)
Records: 0  Duplicates: 0  Warnings: 0

mysql> SHOW CREATE TABLE es3\G
*************************** 1. row ***************************
       Table: es3
Create Table: CREATE TABLE `es3` (
  `622424198204195214` int(11) NOT NULL,
  `fname` varchar(30) DEFAULT NULL,
  `lname` varchar(30) DEFAULT NULL
) ENGINE=InnoDB DEFAULT CHARSET=utf8mb4 COLLATE=utf8mb4_0900_ai_ci
1 row in set (0.00 sec)

mysql> ALTER TABLE es3 ENGINE = MyISAM;
Query OK, 0 rows affected (0.15 sec)
Records: 0  Duplicates: 0  Warnings: 0

mysql> ALTER TABLE es EXCHANGE PARTITION p3sp0 WITH TABLE es3;
ERROR 1497 (HY000): The mix of handlers in the partitions is not allowed in this version of MySQL
```

这在任何情况下都是正确的，无论 `pt` 是否有显式的表级 `MAX_ROWS` 或 `MIN_ROWS` 选项生效。

`pt` 和 `nt` 两个表之间的 `AVG_ROW_LENGTH` 不能不同。